EN n016 NULL C:/Users/dylanbrophy/VHDL_computer_parts/N016/ngx32.vhd sub00/vhpl27 1486936201
AR genaric_fifo genaric_fifo_a C:/Users/dylanbrophy/VHDL_computer_parts/UART_core/ipcore_dir/genaric_fifo.vhd sub00/vhpl10 1486936188
EN uarttx NULL C:/Users/dylanbrophy/VHDL_computer_parts/UART_core/uartTx.vhd sub00/vhpl03 1486936179
AR disk_controller behavioral C:/Users/dylanbrophy/VHDL_computer_parts/disk_ext_spi/Disk_Controller.vhd sub00/vhpl44 1486936210
AR biosram behavioral C:/Users/dylanbrophy/Desktop/asm/nseries/biosram.vhd sub00/vhpl32 1486936206
AR fifo fifo_a C:/Users/dylanbrophy/VHDL_computer_parts/keyboard_controller/ipcore_dir/fifo.vhd sub00/vhpl20 1486936198
EN spi_master NULL C:/Users/dylanbrophy/VHDL_computer_parts/Computer_N0T/spi_master.vhd sub00/vhpl37 1475400665
AR uarttop behavioral C:/Users/dylanbrophy/VHDL_computer_parts/UART_core/uartTop.vhd sub00/vhpl12 1486936190
AR uartrx behavioral C:/Users/dylanbrophy/VHDL_computer_parts/UART_core/uartRx.vhd sub00/vhpl06 1486936182
AR spi_ctrl rtl C:/Users/dylanbrophy/VHDL_computer_parts/on-chip_disk/spi_ctrl.vhd sub00/vhpl22 1475391047
EN int_disk_top NULL C:/Users/dylanbrophy/VHDL_computer_parts/on-chip_disk/int_disk_top.vhd sub00/vhpl23 1475400667
EN ps2_keyboard_to_ascii NULL C:/Users/dylanbrophy/VHDL_computer_parts/Keyboard_controller_2/ps2_keyboard_to_ascii.vhd sub00/vhpl35 1486936195
EN uart_top NULL C:/Users/dylanbrophy/VHDL_computer_parts/UART_core/uart_top.vhd sub00/vhpl29 1486936203
EN kbd_main_ctrl NULL C:/Users/dylanbrophy/VHDL_computer_parts/Keyboard_controller_2/kbd_main_ctrl.vhd sub00/vhpl25 1486936199
EN top_module NULL C:/Users/dylanbrophy/VHDL_computer_parts/Computer_N0T/Top_Module.vhd sub00/vhpl33 1486936211
EN debounce NULL C:/Users/dylanbrophy/VHDL_computer_parts/keyboard_controller/debounce.vhd sub00/vhpl07 1486936174
EN genaric_fifo NULL C:/Users/dylanbrophy/VHDL_computer_parts/UART_core/ipcore_dir/genaric_fifo.vhd sub00/vhpl09 1486936187
AR n016 behavioral C:/Users/dylanbrophy/VHDL_computer_parts/N016/ngx32.vhd sub00/vhpl28 1486936202
AR debounce logic C:/Users/dylanbrophy/VHDL_computer_parts/keyboard_controller/debounce.vhd sub00/vhpl08 1486936175
EN uarttop NULL C:/Users/dylanbrophy/VHDL_computer_parts/UART_core/uartTop.vhd sub00/vhpl11 1486936189
AR timer unit C:/Users/dylanbrophy/VHDL_computer_parts/N016/timer.vhd sub00/vhpl14 1486936192
AR uart_top arch_uart8 C:/Users/dylanbrophy/VHDL_computer_parts/UART_core/uart_top.vhd sub00/vhpl30 1486936204
EN ps2_keyboard NULL C:/Users/dylanbrophy/VHDL_computer_parts/keyboard_controller/ps2_keyboard.vhd sub00/vhpl17 1486936183
AR spi_master rtl C:/Users/dylanbrophy/VHDL_computer_parts/Computer_N0T/spi_master.vhd sub00/vhpl38 1475400666
AR top_module system C:/Users/dylanbrophy/VHDL_computer_parts/Computer_N0T/Top_Module.vhd sub00/vhpl34 1486936212
AR ps2_keyboard logic C:/Users/dylanbrophy/VHDL_computer_parts/keyboard_controller/ps2_keyboard.vhd sub00/vhpl18 1486936184
AR ps2_keyboard_to_ascii behavior C:/Users/dylanbrophy/VHDL_computer_parts/Keyboard_controller_2/ps2_keyboard_to_ascii.vhd sub00/vhpl36 1486936196
AR int_disk_top behavioral C:/Users/dylanbrophy/VHDL_computer_parts/on-chip_disk/int_disk_top.vhd sub00/vhpl24 1475400668
AR ram_core ram_core_a C:/Users/dylanbrophy/VHDL_computer_parts/RAM_32K/ipcore_dir/RAM_CORE.vhd sub00/vhpl40 1486936186
EN baudgen NULL C:/Users/dylanbrophy/VHDL_computer_parts/UART_core/baudGen.vhd sub00/vhpl01 1486936177
AR alu behavioral C:/Users/dylanbrophy/VHDL_computer_parts/N016/ALU.vhd sub00/vhpl16 1486936194
AR uarttx behavioral C:/Users/dylanbrophy/VHDL_computer_parts/UART_core/uartTx.vhd sub00/vhpl04 1486936180
EN biosram NULL C:/Users/dylanbrophy/Desktop/asm/nseries/biosram.vhd sub00/vhpl31 1486936205
EN ram_top NULL C:/Users/dylanbrophy/VHDL_computer_parts/RAM_32K/RAM_TOP.vhd sub00/vhpl41 1486936207
EN ram_core NULL C:/Users/dylanbrophy/VHDL_computer_parts/RAM_32K/ipcore_dir/RAM_CORE.vhd sub00/vhpl39 1486936185
EN disk_controller NULL C:/Users/dylanbrophy/VHDL_computer_parts/disk_ext_spi/Disk_Controller.vhd sub00/vhpl43 1486936209
EN fifo NULL C:/Users/dylanbrophy/VHDL_computer_parts/keyboard_controller/ipcore_dir/fifo.vhd sub00/vhpl19 1486936197
AR kbd_main_ctrl behavioral C:/Users/dylanbrophy/VHDL_computer_parts/Keyboard_controller_2/kbd_main_ctrl.vhd sub00/vhpl26 1486936200
AR baudgen behavioral C:/Users/dylanbrophy/VHDL_computer_parts/UART_core/baudGen.vhd sub00/vhpl02 1486936178
EN spi_ctrl NULL C:/Users/dylanbrophy/VHDL_computer_parts/on-chip_disk/spi_ctrl.vhd sub00/vhpl21 1475391046
EN alu NULL C:/Users/dylanbrophy/VHDL_computer_parts/N016/ALU.vhd sub00/vhpl15 1486936193
EN timer NULL C:/Users/dylanbrophy/VHDL_computer_parts/N016/timer.vhd sub00/vhpl13 1486936191
EN uartrx NULL C:/Users/dylanbrophy/VHDL_computer_parts/UART_core/uartRx.vhd sub00/vhpl05 1486936181
AR ram_top behavioral C:/Users/dylanbrophy/VHDL_computer_parts/RAM_32K/RAM_TOP.vhd sub00/vhpl42 1486936208
PH uart2bustop_pkg NULL C:/Users/dylanbrophy/VHDL_computer_parts/UART_core/uart2BusTop_pkg.vhd sub00/vhpl00 1486936176
