V3 97
FL C:/Users/dylanbrophy/Desktop/asm/nseries/biosram.vhd 2017/02/12.13:49:27 P.20131013
EN work/biosram 1486936205 \
      FL C:/Users/dylanbrophy/Desktop/asm/nseries/biosram.vhd \
      PB ieee/std_logic_1164 1381692176 PB ieee/NUMERIC_STD 1381692181
AR work/biosram/Behavioral 1486936206 \
      FL C:/Users/dylanbrophy/Desktop/asm/nseries/biosram.vhd EN work/biosram 1486936205
FL C:/Users/dylanbrophy/VHDL_computer_parts/Computer_N0T/spi_master.vhd 2016/10/02.01:05:12 P.20131013
EN work/spi_master 1475400665 \
      FL C:/Users/dylanbrophy/VHDL_computer_parts/Computer_N0T/spi_master.vhd \
      PB ieee/std_logic_1164 1381692176 PB ieee/STD_LOGIC_UNSIGNED 1381692179
AR work/spi_master/rtl 1475400666 \
      FL C:/Users/dylanbrophy/VHDL_computer_parts/Computer_N0T/spi_master.vhd \
      EN work/spi_master 1475400665
FL C:/Users/dylanbrophy/VHDL_computer_parts/Computer_N0T/Top_Module.vhd 2017/01/07.17:19:01 P.20131013
EN work/Top_Module 1486936211 \
      FL C:/Users/dylanbrophy/VHDL_computer_parts/Computer_N0T/Top_Module.vhd \
      PB ieee/std_logic_1164 1381692176
AR work/Top_Module/SYSTEM 1486936212 \
      FL C:/Users/dylanbrophy/VHDL_computer_parts/Computer_N0T/Top_Module.vhd \
      EN work/Top_Module 1486936211 CP kbd_main_ctrl CP n016 CP uart_top CP biosram \
      CP RAM_TOP CP Disk_Controller
FL C:/Users/dylanbrophy/VHDL_computer_parts/disk_ext_spi/Disk_Controller.vhd 2017/02/11.19:10:14 P.20131013
EN work/Disk_Controller 1486936209 \
      FL C:/Users/dylanbrophy/VHDL_computer_parts/disk_ext_spi/Disk_Controller.vhd \
      PB ieee/std_logic_1164 1381692176
AR work/Disk_Controller/Behavioral 1486936210 \
      FL C:/Users/dylanbrophy/VHDL_computer_parts/disk_ext_spi/Disk_Controller.vhd \
      EN work/Disk_Controller 1486936209
FL C:/Users/dylanbrophy/VHDL_computer_parts/keyboard_controller/debounce.vhd 2016/07/18.01:05:58 P.20131013
EN work/debounce 1486936174 \
      FL C:/Users/dylanbrophy/VHDL_computer_parts/keyboard_controller/debounce.vhd \
      PB ieee/std_logic_1164 1381692176 PB ieee/STD_LOGIC_UNSIGNED 1381692179
AR work/debounce/logic 1486936175 \
      FL C:/Users/dylanbrophy/VHDL_computer_parts/keyboard_controller/debounce.vhd \
      EN work/debounce 1486936174
FL C:/Users/dylanbrophy/VHDL_computer_parts/keyboard_controller/ipcore_dir/fifo.vhd 2016/07/18.01:13:16 P.20131013
EN work/fifo 1486936197 \
      FL C:/Users/dylanbrophy/VHDL_computer_parts/keyboard_controller/ipcore_dir/fifo.vhd \
      PB ieee/std_logic_1164 1381692176
AR work/fifo/fifo_a 1486936198 \
      FL C:/Users/dylanbrophy/VHDL_computer_parts/keyboard_controller/ipcore_dir/fifo.vhd \
      EN work/fifo 1486936197
FL C:/Users/dylanbrophy/VHDL_computer_parts/keyboard_controller/kbd_main_ctrl.vhd 2016/10/01.16:08:17 P.20131013
FL C:/Users/dylanbrophy/VHDL_computer_parts/keyboard_controller/ps2_keyboard.vhd 2016/10/01.22:50:18 P.20131013
EN work/ps2_keyboard 1486936183 \
      FL C:/Users/dylanbrophy/VHDL_computer_parts/keyboard_controller/ps2_keyboard.vhd \
      PB ieee/std_logic_1164 1381692176
AR work/ps2_keyboard/logic 1486936184 \
      FL C:/Users/dylanbrophy/VHDL_computer_parts/keyboard_controller/ps2_keyboard.vhd \
      EN work/ps2_keyboard 1486936183 CP debounce
FL C:/Users/dylanbrophy/VHDL_computer_parts/Keyboard_controller_2/fifo.vhd 2016/07/18.02:13:16 P.20131013
FL C:/Users/dylanbrophy/VHDL_computer_parts/Keyboard_controller_2/kbd_main_ctrl.vhd 2016/10/01.16:51:06 P.20131013
EN work/kbd_main_ctrl 1486936199 \
      FL C:/Users/dylanbrophy/VHDL_computer_parts/Keyboard_controller_2/kbd_main_ctrl.vhd \
      PB ieee/std_logic_1164 1381692176
AR work/kbd_main_ctrl/Behavioral 1486936200 \
      FL C:/Users/dylanbrophy/VHDL_computer_parts/Keyboard_controller_2/kbd_main_ctrl.vhd \
      EN work/kbd_main_ctrl 1486936199 CP ps2_keyboard_to_ascii CP fifo
FL C:/Users/dylanbrophy/VHDL_computer_parts/Keyboard_controller_2/ps2_keyboard_to_ascii.vhd 2016/10/01.19:59:25 P.20131013
EN work/ps2_keyboard_to_ascii 1486936195 \
      FL C:/Users/dylanbrophy/VHDL_computer_parts/Keyboard_controller_2/ps2_keyboard_to_ascii.vhd \
      PB ieee/std_logic_1164 1381692176
AR work/ps2_keyboard_to_ascii/behavior 1486936196 \
      FL C:/Users/dylanbrophy/VHDL_computer_parts/Keyboard_controller_2/ps2_keyboard_to_ascii.vhd \
      EN work/ps2_keyboard_to_ascii 1486936195 CP ps2_keyboard
FL C:/Users/dylanbrophy/VHDL_computer_parts/N016/ALU.vhd 2016/07/17.01:02:28 P.20131013
EN work/ALU 1486936193 FL C:/Users/dylanbrophy/VHDL_computer_parts/N016/ALU.vhd \
      PB ieee/std_logic_1164 1381692176 PB ieee/NUMERIC_STD 1381692181
AR work/ALU/Behavioral 1486936194 \
      FL C:/Users/dylanbrophy/VHDL_computer_parts/N016/ALU.vhd EN work/ALU 1486936193
FL C:/Users/dylanbrophy/VHDL_computer_parts/N016/ngx32.vhd 2017/02/11.01:02:26 P.20131013
EN work/n016 1486936201 \
      FL C:/Users/dylanbrophy/VHDL_computer_parts/N016/ngx32.vhd \
      PB ieee/std_logic_1164 1381692176 PB ieee/NUMERIC_STD 1381692181
AR work/n016/Behavioral 1486936202 \
      FL C:/Users/dylanbrophy/VHDL_computer_parts/N016/ngx32.vhd EN work/n016 1486936201 \
      CP timer CP ALU
FL C:/Users/dylanbrophy/VHDL_computer_parts/N016/timer.vhd 2016/07/17.01:00:37 P.20131013
EN work/timer 1486936191 \
      FL C:/Users/dylanbrophy/VHDL_computer_parts/N016/timer.vhd \
      PB ieee/std_logic_1164 1381692176 PB ieee/NUMERIC_STD 1381692181
AR work/timer/unit 1486936192 \
      FL C:/Users/dylanbrophy/VHDL_computer_parts/N016/timer.vhd EN work/timer 1486936191
FL C:/Users/dylanbrophy/VHDL_computer_parts/on-chip_disk/int_disk_top.vhd 2016/10/02.01:08:48 P.20131013
EN work/int_disk_top 1475400667 \
      FL C:/Users/dylanbrophy/VHDL_computer_parts/on-chip_disk/int_disk_top.vhd \
      PB ieee/std_logic_1164 1381692176 LB UNISIM PH unisim/VCOMPONENTS 1381692182
AR work/int_disk_top/Behavioral 1475400668 \
      FL C:/Users/dylanbrophy/VHDL_computer_parts/on-chip_disk/int_disk_top.vhd \
      EN work/int_disk_top 1475400667 CP spi_master CP SPI_ACCESS
FL C:/Users/dylanbrophy/VHDL_computer_parts/on-chip_disk/spi_ctrl.vhd 2007/06/22.07:57:47 P.20131013
EN work/spi_ctrl 1475391046 \
      FL C:/Users/dylanbrophy/VHDL_computer_parts/on-chip_disk/spi_ctrl.vhd \
      PB ieee/std_logic_1164 1381692176 PB ieee/STD_LOGIC_UNSIGNED 1381692179
AR work/spi_ctrl/rtl 1475391047 \
      FL C:/Users/dylanbrophy/VHDL_computer_parts/on-chip_disk/spi_ctrl.vhd \
      EN work/spi_ctrl 1475391046
FL C:/Users/dylanbrophy/VHDL_computer_parts/RAM_32K/ipcore_dir/RAM_CORE.vhd 2016/10/01.23:22:16 P.20131013
EN work/RAM_CORE 1486936185 \
      FL C:/Users/dylanbrophy/VHDL_computer_parts/RAM_32K/ipcore_dir/RAM_CORE.vhd \
      PB ieee/std_logic_1164 1381692176
AR work/RAM_CORE/RAM_CORE_a 1486936186 \
      FL C:/Users/dylanbrophy/VHDL_computer_parts/RAM_32K/ipcore_dir/RAM_CORE.vhd \
      EN work/RAM_CORE 1486936185
FL C:/Users/dylanbrophy/VHDL_computer_parts/RAM_32K/RAM_TOP.vhd 2016/10/01.23:25:45 P.20131013
EN work/RAM_TOP 1486936207 \
      FL C:/Users/dylanbrophy/VHDL_computer_parts/RAM_32K/RAM_TOP.vhd \
      PB ieee/std_logic_1164 1381692176
AR work/RAM_TOP/Behavioral 1486936208 \
      FL C:/Users/dylanbrophy/VHDL_computer_parts/RAM_32K/RAM_TOP.vhd \
      EN work/RAM_TOP 1486936207 CP RAM_CORE
FL C:/Users/dylanbrophy/VHDL_computer_parts/UART_core/baudGen.vhd 2016/05/30.12:13:07 P.20131013
EN work/baudGen 1486936177 \
      FL C:/Users/dylanbrophy/VHDL_computer_parts/UART_core/baudGen.vhd \
      PB ieee/std_logic_1164 1381692176 PB ieee/NUMERIC_STD 1381692181
AR work/baudGen/Behavioral 1486936178 \
      FL C:/Users/dylanbrophy/VHDL_computer_parts/UART_core/baudGen.vhd \
      EN work/baudGen 1486936177
FL C:/Users/dylanbrophy/VHDL_computer_parts/UART_core/ipcore_dir/genaric_fifo.vhd 2016/07/17.22:53:15 P.20131013
EN work/genaric_fifo 1486936187 \
      FL C:/Users/dylanbrophy/VHDL_computer_parts/UART_core/ipcore_dir/genaric_fifo.vhd \
      PB ieee/std_logic_1164 1381692176
AR work/genaric_fifo/genaric_fifo_a 1486936188 \
      FL C:/Users/dylanbrophy/VHDL_computer_parts/UART_core/ipcore_dir/genaric_fifo.vhd \
      EN work/genaric_fifo 1486936187
FL C:/Users/dylanbrophy/VHDL_computer_parts/UART_core/uart2BusTop_pkg.vhd 2012/02/23.11:20:39 P.20131013
PH work/uart2BusTop_pkg 1486936176 \
      FL C:/Users/dylanbrophy/VHDL_computer_parts/UART_core/uart2BusTop_pkg.vhd \
      PB ieee/std_logic_1164 1381692176 CD baudGen CD uartTx CD uartRx CD uartTop \
      CD uartParser CD uart2BusTop
FL C:/Users/dylanbrophy/VHDL_computer_parts/UART_core/uartRx.vhd 2016/09/29.17:23:46 P.20131013
EN work/uartRx 1486936181 \
      FL C:/Users/dylanbrophy/VHDL_computer_parts/UART_core/uartRx.vhd \
      PB ieee/std_logic_1164 1381692176 PB ieee/NUMERIC_STD 1381692181
AR work/uartRx/Behavioral 1486936182 \
      FL C:/Users/dylanbrophy/VHDL_computer_parts/UART_core/uartRx.vhd \
      EN work/uartRx 1486936181
FL C:/Users/dylanbrophy/VHDL_computer_parts/UART_core/uartTop.vhd 2012/02/23.11:20:39 P.20131013
EN work/uartTop 1486936189 \
      FL C:/Users/dylanbrophy/VHDL_computer_parts/UART_core/uartTop.vhd \
      PB ieee/std_logic_1164 1381692176 PH work/uart2BusTop_pkg 1486936176
AR work/uartTop/Behavioral 1486936190 \
      FL C:/Users/dylanbrophy/VHDL_computer_parts/UART_core/uartTop.vhd \
      EN work/uartTop 1486936189 CP baudGen CP uartTx CP uartRx
FL C:/Users/dylanbrophy/VHDL_computer_parts/UART_core/uartTx.vhd 2016/02/20.06:15:39 P.20131013
EN work/uartTx 1486936179 \
      FL C:/Users/dylanbrophy/VHDL_computer_parts/UART_core/uartTx.vhd \
      PB ieee/std_logic_1164 1381692176 PB ieee/NUMERIC_STD 1381692181
AR work/uartTx/Behavioral 1486936180 \
      FL C:/Users/dylanbrophy/VHDL_computer_parts/UART_core/uartTx.vhd \
      EN work/uartTx 1486936179
FL C:/Users/dylanbrophy/VHDL_computer_parts/UART_core/uart_top.vhd 2016/09/29.17:23:41 P.20131013
EN work/uart_top 1486936203 \
      FL C:/Users/dylanbrophy/VHDL_computer_parts/UART_core/uart_top.vhd \
      PB ieee/std_logic_1164 1381692176
AR work/uart_top/arch_uart8 1486936204 \
      FL C:/Users/dylanbrophy/VHDL_computer_parts/UART_core/uart_top.vhd \
      EN work/uart_top 1486936203 CP genaric_fifo CP uartTop
